
# OSU MPI Bandwidth Test v7.5.2
# Datatype: MPI_CHAR.
# Size      Bandwidth (MB/s)
1                       2.31
2                       4.63
4                       9.06
8                      18.68
16                     36.97
32                     72.39
64                    118.08
128                   235.05
256                   311.52
512                   608.64
1024                 1196.09
2048                 2821.86
4096                 4600.60
8192                 6983.96
16384                6860.12
32768                6943.64
65536               17760.43
