
# OSU MPI Bandwidth Test v7.5.2
# Datatype: MPI_CHAR.
# Size      Bandwidth (MB/s)
1                       2.23
2                       4.55
4                       9.04
8                      18.25
16                     36.06
32                     71.45
64                    115.53
128                   226.94
256                   449.46
512                   622.43
1024                 1239.22
2048                 2812.82
4096                 4512.31
8192                 6906.49
16384                6761.56
32768                6955.16
65536               17484.90
