# date: 2026-10-06T00:12:50-03:00
# hosts: adano07 adano21
# scenario: container  bench: osu_bw  run: 1  args: -m 1:4194304
Attaching 1760057 to 1027215.ada

# OSU MPI Bandwidth Test v7.5.2
# Datatype: MPI_CHAR.
# Size      Bandwidth (MB/s)
1                       2.28
2                       4.56
4                       9.09
8                      18.18
16                     36.35
32                     71.50
64                    122.13
128                   241.33
256                   294.37
512                   598.15
1024                 1173.58
2048                 2586.54
4096                 4623.95
8192                 6952.12
16384                7291.80
32768                7641.51
65536               12001.30
131072              12163.56
262144              12178.59
524288              12301.04
1048576             12285.78
2097152             12296.36
4194304             12269.23
