# date: 2026-10-06T00:13:08-03:00
# hosts: adano07 adano21
# scenario: container  bench: osu_latency  run: 2  args: -m 1:4194304
Attaching 1760753 to 1027215.ada

# OSU MPI Latency Test v7.5.2
# Datatype: MPI_CHAR.
# Size       Avg Latency(us)
1                       1.92
2                       1.93
4                       1.93
8                       1.92
16                      1.92
32                      2.02
64                      2.18
128                     2.19
256                     2.74
512                     2.85
1024                    3.35
2048                    3.54
4096                    4.28
8192                    4.75
16384                   6.01
32768                   8.57
65536                  11.74
131072                 17.30
262144                 27.62
524288                 49.10
1048576                91.94
2097152               176.98
4194304               347.14
