# date: 2026-10-06T00:13:02-03:00
# hosts: adano07 adano21
# scenario: container  bench: osu_bw  run: 2  args: -m 1:4194304
Attaching 1760565 to 1027215.ada

# OSU MPI Bandwidth Test v7.5.2
# Datatype: MPI_CHAR.
# Size      Bandwidth (MB/s)
1                       1.85
2                       3.69
4                       7.40
8                      14.79
16                     29.62
32                     58.86
64                    112.02
128                   222.80
256                   267.27
512                   549.55
1024                 1081.34
2048                 2308.45
4096                 4653.62
8192                 6928.44
16384                7337.86
32768                7522.25
65536               11997.72
131072              12169.89
262144              12183.80
524288              12221.67
1048576             12203.86
2097152             12227.88
4194304             12260.31
