# date: 2026-10-06T00:13:13-03:00
# hosts: adano07 adano21
# scenario: container  bench: osu_bw  run: 3  args: -m 1:4194304
Attaching 1760946 to 1027215.ada

# OSU MPI Bandwidth Test v7.5.2
# Datatype: MPI_CHAR.
# Size      Bandwidth (MB/s)
1                       2.21
2                       4.38
4                       8.83
8                      17.91
16                     35.40
32                     68.95
64                    118.06
128                   234.80
256                   293.66
512                   601.74
1024                 1170.43
2048                 2602.64
4096                 4674.10
8192                 7076.89
16384                7410.06
32768                7756.79
65536               11997.79
131072              12175.00
262144              12181.12
524288              12301.65
1048576             12285.94
2097152             12290.53
4194304             12301.51
