# date: 2026-10-06T00:13:00-03:00
# hosts: adano07 adano21
# scenario: native  bench: osu_bw  run: 2  args: -m 1:4194304
Attaching 1760368 to 1027215.ada

# OSU MPI Bandwidth Test v7.5.2
# Datatype: MPI_CHAR.
# Size      Bandwidth (MB/s)
1                       2.28
2                       4.51
4                       9.01
8                      18.07
16                     35.93
32                     71.16
64                    119.95
128                   238.77
256                   457.34
512                   647.20
1024                 1277.65
2048                 2759.00
4096                 4750.72
8192                 7442.93
16384                7528.40
32768                7740.13
65536               12008.96
131072              12175.94
262144              12257.80
524288              12302.22
1048576             12323.09
2097152             12313.99
4194304             12337.34
