# date: 2026-10-06T00:13:11-03:00
# hosts: adano07 adano21
# scenario: native  bench: osu_bw  run: 3  args: -m 1:4194304
Attaching 1760877 to 1027215.ada

# OSU MPI Bandwidth Test v7.5.2
# Datatype: MPI_CHAR.
# Size      Bandwidth (MB/s)
1                       2.28
2                       4.61
4                       9.20
8                      18.48
16                     36.88
32                     73.01
64                    125.25
128                   246.35
256                   470.41
512                   633.29
1024                 1246.70
2048                 2783.23
4096                 4821.39
8192                 7385.09
16384                7462.93
32768                7829.64
65536               12014.77
131072              12176.80
262144              12110.07
524288              12268.40
1048576             12324.85
2097152             12314.18
4194304             12339.27
