# date: 2026-10-06T00:12:53-03:00
# hosts: adano07 adano21
# scenario: native  bench: osu_latency  run: 1  args: -m 1:4194304
Attaching 1760180 to 1027215.ada

# OSU MPI Latency Test v7.5.2
# Datatype: MPI_CHAR.
# Size       Avg Latency(us)
1                       2.00
2                       1.98
4                       1.99
8                       1.99
16                      2.00
32                      2.13
64                      2.31
128                     2.33
256                     3.09
512                     3.25
1024                    3.50
2048                    3.84
4096                    4.64
8192                    4.88
16384                   6.73
32768                   9.59
65536                  12.10
131072                 17.60
262144                 28.28
524288                 49.07
1048576                92.24
2097152               177.57
4194304               347.20
