# date: 2026-10-06T00:12:48-03:00
# hosts: adano07 adano21
# scenario: native  bench: osu_bw  run: 1  args: -m 1:4194304
Attaching 1759988 to 1027215.ada

# OSU MPI Bandwidth Test v7.5.2
# Datatype: MPI_CHAR.
# Size      Bandwidth (MB/s)
1                       2.28
2                       4.60
4                       9.13
8                      18.26
16                     36.79
32                     72.30
64                    123.55
128                   246.85
256                   472.34
512                   646.37
1024                 1284.44
2048                 2767.81
4096                 4443.49
8192                 7324.01
16384                7394.63
32768                7782.03
65536               12007.12
131072              12177.83
262144              12222.78
524288              12302.99
1048576             12324.73
2097152             12313.83
4194304             12338.35
