# date: 2026-10-06T00:13:04-03:00
# hosts: adano07 adano21
# scenario: native  bench: osu_latency  run: 2  args: -m 1:4194304
Attaching 1760683 to 1027215.ada

# OSU MPI Latency Test v7.5.2
# Datatype: MPI_CHAR.
# Size       Avg Latency(us)
1                       1.87
2                       1.87
4                       1.88
8                       1.88
16                      1.89
32                      1.96
64                      2.10
128                     2.14
256                     2.83
512                     2.97
1024                    3.14
2048                    3.38
4096                    4.00
8192                    4.23
16384                   5.67
32768                   8.13
65536                  11.69
131072                 17.07
262144                 27.64
524288                 49.35
1048576                92.04
2097152               177.59
4194304               347.12
