# date: 2026-10-06T00:13:16-03:00
# hosts: adano07 adano21
# scenario: native  bench: osu_latency  run: 3  args: -m 1:4194304
Attaching 1761066 to 1027215.ada

# OSU MPI Latency Test v7.5.2
# Datatype: MPI_CHAR.
# Size       Avg Latency(us)
1                       1.87
2                       1.87
4                       1.87
8                       1.88
16                      1.86
32                      1.96
64                      2.10
128                     2.13
256                     2.84
512                     2.92
1024                    3.13
2048                    3.36
4096                    3.99
8192                    4.18
16384                   5.64
32768                   8.14
65536                  11.60
131072                 16.93
262144                 27.54
524288                 49.42
1048576                92.01
2097152               176.95
4194304               347.01
